// Jest Snapshot v1, https://goo.gl/fbAQLP

exports[`<App /> renders and matches snapshot 1`] = `
<DocumentFragment>
  <div
    class="App"
    data-testid="app"
  >
    <img
      alt="NASA logo"
      class="logo"
      data-testid="logo"
      src="https://cdn.cnn.com/cnnnext/dam/assets/200424060716-nasa-worm-logo.jpg"
    />
    <form
      class="search-form"
    >
      <input
        aria-label="Search"
        class="search-input"
        data-testid="search-input"
        type="text"
      />
      <button
        class="search-btn"
        data-testid="search-btn"
        type="submit"
      >
        Search
      </button>
    </form>
  </div>
</DocumentFragment>
`;
