// Jest Snapshot v1, https://goo.gl/fbAQLP

exports[`<Search /> renders and matches snapshot 1`] = `
<DocumentFragment>
  <input
    class="search-input"
    data-testid="search-input"
    type="text"
  />
</DocumentFragment>
`;
